[2025-11-28T10:33:48.933Z] [INFO] [APP_START] Aplicación iniciada. Flujo de logs asegurado.
[2025-11-28T10:33:48.933Z] [INFO] [CONFIG_LOADED] Configuración cargada. Tiempo de inactividad: 3000ms
[2025-11-28T10:33:48.953Z] [INFO] [INIT] Última configuración encontrada. Recargando modo: 1/1
[2025-11-28T10:33:48.953Z] [INFO] [SELECTION_RECEIVED] Nueva selección: Tamaño=1, Posición=1, Archivos=0
[2025-11-28T10:33:49.020Z] [ERROR] [CONFIG_SAVE] Error: ENOENT: no such file or directory, open 'C:\Users\Daniel\AppData\Local\Programs\interactive-text-editor\resources\app.asar\config\config.json'
    at Object.writeFileSync (node:fs:2368:20)
    at Object.saveLastConfig (C:\Users\Daniel\AppData\Local\Programs\interactive-text-editor\resources\app.asar\JavaScript\configManager.js:36:12)
    at IpcMainImpl.<anonymous> (C:\Users\Daniel\AppData\Local\Programs\interactive-text-editor\resources\app.asar\JavaScript\ipcHandlers.js:132:27)
    at IpcMainImpl.emit (node:events:519:28)
    at C:\Users\Daniel\AppData\Local\Programs\interactive-text-editor\resources\app.asar\JavaScript\main.js:54:21
    at process.processTicksAndRejections (node:internal/process/task_queues:77:11)
[2025-11-28T10:33:49.020Z] [INFO] [WINDOWS_CREATED] Ventanas principal y 0 de fondo creadas con éxito.
[2025-11-28T10:35:40.974Z] [INFO] [APP_QUIT] Aplicación terminada (window-all-closed).
[2025-11-28T10:40:47.879Z] [INFO] [APP_START] Aplicación iniciada. Flujo de logs asegurado.
[2025-11-28T10:40:47.879Z] [INFO] [CONFIG_LOADED] Configuración cargada. Tiempo de inactividad: 3000ms
[2025-11-28T10:40:47.919Z] [INFO] [INIT] No se encontró última configuración. Abriendo selector.
[2025-11-28T10:40:52.948Z] [INFO] [SELECTION_RECEIVED] Nueva selección: Tamaño=3, Posición=1, Archivos=0
[2025-11-28T10:40:52.967Z] [INFO] [WINDOWS_CREATED] Ventanas principal y 0 de fondo creadas con éxito.
[2025-11-28T10:40:57.711Z] [INFO] [APP_QUIT] Aplicación terminada (window-all-closed).
[2025-11-28T10:41:00.277Z] [INFO] [APP_START] Aplicación iniciada. Flujo de logs asegurado.
[2025-11-28T10:41:00.277Z] [INFO] [CONFIG_LOADED] Configuración cargada. Tiempo de inactividad: 3000ms
[2025-11-28T10:41:00.296Z] [INFO] [INIT] Última configuración encontrada. Recargando modo: 3/1
[2025-11-28T10:41:00.297Z] [INFO] [SELECTION_RECEIVED] Nueva selección: Tamaño=3, Posición=1, Archivos=0
[2025-11-28T10:41:00.358Z] [INFO] [WINDOWS_CREATED] Ventanas principal y 0 de fondo creadas con éxito.
[2025-11-28T10:41:28.864Z] [INFO] [SHORTCUT_RESET] Usuario reseteado por Ctrl+Shift+R.
[2025-11-28T10:41:32.164Z] [INFO] [SELECTION_RECEIVED] Nueva selección: Tamaño=2, Posición=1, Archivos=0
[2025-11-28T10:41:32.191Z] [INFO] [WINDOWS_CREATED] Ventanas principal y 1 de fondo creadas con éxito.
[2025-11-28T10:41:55.625Z] [INFO] [APP_QUIT] Aplicación terminada (window-all-closed).
[2025-11-28T10:42:01.446Z] [INFO] [APP_START] Aplicación iniciada. Flujo de logs asegurado.
[2025-11-28T10:42:01.446Z] [INFO] [CONFIG_LOADED] Configuración cargada. Tiempo de inactividad: 3000ms
[2025-11-28T10:42:01.465Z] [INFO] [INIT] Última configuración encontrada. Recargando modo: 2/1
[2025-11-28T10:42:01.466Z] [INFO] [SELECTION_RECEIVED] Nueva selección: Tamaño=2, Posición=1, Archivos=0
[2025-11-28T10:42:01.531Z] [INFO] [WINDOWS_CREATED] Ventanas principal y 1 de fondo creadas con éxito.
[2025-11-28T10:45:10.910Z] [INFO] [APP_START] Aplicación iniciada. Flujo de logs asegurado.
[2025-11-28T10:45:10.911Z] [INFO] [CONFIG_LOADED] Configuración cargada. Tiempo de inactividad: 3000ms
[2025-11-28T10:45:10.933Z] [INFO] [INIT] Última configuración encontrada. Recargando modo: 2/1
[2025-11-28T10:45:10.933Z] [INFO] [SELECTION_RECEIVED] Nueva selección: Tamaño=2, Posición=1, Archivos=0
[2025-11-28T10:45:11.012Z] [INFO] [WINDOWS_CREATED] Ventanas principal y 1 de fondo creadas con éxito.
[2025-11-28T10:45:13.764Z] [INFO] [APP_QUIT] Aplicación terminada (window-all-closed).
[2025-11-28T10:45:25.763Z] [INFO] [APP_START] Aplicación iniciada. Flujo de logs asegurado.
[2025-11-28T10:45:25.764Z] [INFO] [CONFIG_LOADED] Configuración cargada. Tiempo de inactividad: 3000ms
[2025-11-28T10:45:25.856Z] [INFO] [INIT] Última configuración encontrada. Recargando modo: 2/1
[2025-11-28T10:45:25.857Z] [INFO] [SELECTION_RECEIVED] Nueva selección: Tamaño=2, Posición=1, Archivos=0
[2025-11-28T10:45:25.977Z] [INFO] [WINDOWS_CREATED] Ventanas principal y 1 de fondo creadas con éxito.
[2025-11-28T10:45:28.129Z] [INFO] [APP_QUIT] Aplicación terminada (window-all-closed).
[2025-11-28T10:50:57.141Z] [INFO] [APP_START] Aplicación iniciada. Flujo de logs asegurado.
[2025-11-28T10:50:57.142Z] [INFO] [CONFIG_LOADED] Configuración cargada. Tiempo de inactividad: 3000ms
[2025-11-28T10:50:57.165Z] [INFO] [INIT] Última configuración encontrada. Recargando modo: 2/1
[2025-11-28T10:50:57.165Z] [INFO] [SELECTION_RECEIVED] Nueva selección: Tamaño=2, Posición=1, Archivos=0
[2025-11-28T10:50:57.232Z] [INFO] [WINDOWS_CREATED] Ventanas principal y 1 de fondo creadas con éxito.
[2025-11-28T10:55:21.520Z] [INFO] [SHORTCUT_RESET] Usuario reseteado por Ctrl+Shift+R.
[2025-11-28T10:55:30.266Z] [INFO] [SELECTION_RECEIVED] Nueva selección: Tamaño=1, Posición=1, Archivos=1
[2025-11-28T10:55:30.289Z] [INFO] [WINDOWS_CREATED] Ventanas principal y 1 de fondo creadas con éxito.
[2025-11-28T10:57:37.232Z] [INFO] [SHORTCUT_RESET] Usuario reseteado por Ctrl+Shift+R.
[2025-11-28T10:57:43.691Z] [INFO] [SELECTION_RECEIVED] Nueva selección: Tamaño=2, Posición=1, Archivos=1
[2025-11-28T10:57:43.718Z] [INFO] [WINDOWS_CREATED] Ventanas principal y 1 de fondo creadas con éxito.
[2025-11-28T10:59:05.111Z] [INFO] [APP_START] Aplicación iniciada. Flujo de logs asegurado.
[2025-11-28T10:59:05.111Z] [INFO] [CONFIG_LOADED] Configuración cargada. Tiempo de inactividad: 3000ms
[2025-11-28T10:59:05.131Z] [INFO] [INIT] Última configuración encontrada. Recargando modo: 2/1
[2025-11-28T10:59:05.132Z] [INFO] [SELECTION_RECEIVED] Nueva selección: Tamaño=2, Posición=1, Archivos=1
[2025-11-28T10:59:05.260Z] [INFO] [WINDOWS_CREATED] Ventanas principal y 1 de fondo creadas con éxito.
[2025-11-28T10:59:10.695Z] [INFO] [APP_QUIT] Aplicación terminada (window-all-closed).
[2025-11-28T10:59:12.370Z] [INFO] [APP_QUIT] Aplicación terminada (window-all-closed).
[2025-11-28T10:59:15.192Z] [INFO] [APP_START] Aplicación iniciada. Flujo de logs asegurado.
[2025-11-28T10:59:15.192Z] [INFO] [CONFIG_LOADED] Configuración cargada. Tiempo de inactividad: 3000ms
[2025-11-28T10:59:15.211Z] [INFO] [INIT] Última configuración encontrada. Recargando modo: 2/1
[2025-11-28T10:59:15.212Z] [INFO] [SELECTION_RECEIVED] Nueva selección: Tamaño=2, Posición=1, Archivos=1
[2025-11-28T10:59:15.282Z] [INFO] [WINDOWS_CREATED] Ventanas principal y 1 de fondo creadas con éxito.
[2025-11-28T11:03:42.223Z] [INFO] [APP_START] Aplicación iniciada. Flujo de logs asegurado.
[2025-11-28T11:03:42.223Z] [INFO] [CONFIG_LOADED] Configuración cargada. Tiempo de inactividad: 3000ms
[2025-11-28T11:03:42.243Z] [INFO] [INIT] Última configuración encontrada. Recargando modo: 2/1
[2025-11-28T11:03:42.244Z] [INFO] [SELECTION_RECEIVED] Nueva selección: Tamaño=2, Posición=1, Archivos=1
[2025-11-28T11:03:42.314Z] [INFO] [WINDOWS_CREATED] Ventanas principal y 1 de fondo creadas con éxito.
[2025-11-28T11:03:45.095Z] [INFO] [APP_QUIT] Aplicación terminada (window-all-closed).
[2025-11-28T11:03:58.023Z] [INFO] [APP_START] Aplicación iniciada. Flujo de logs asegurado.
[2025-11-28T11:03:58.023Z] [INFO] [CONFIG_LOADED] Configuración cargada. Tiempo de inactividad: 3000ms
[2025-11-28T11:03:58.043Z] [INFO] [INIT] Última configuración encontrada. Recargando modo: 2/1
[2025-11-28T11:03:58.044Z] [INFO] [SELECTION_RECEIVED] Nueva selección: Tamaño=2, Posición=1, Archivos=1
[2025-11-28T11:03:58.111Z] [INFO] [WINDOWS_CREATED] Ventanas principal y 1 de fondo creadas con éxito.
[2025-11-28T11:04:00.276Z] [INFO] [SHORTCUT_RESET] Usuario reseteado por Ctrl+Shift+R.
[2025-11-28T11:04:11.338Z] [INFO] [SELECTION_RECEIVED] Nueva selección: Tamaño=1, Posición=1, Archivos=1
[2025-11-28T11:04:11.371Z] [INFO] [WINDOWS_CREATED] Ventanas principal y 1 de fondo creadas con éxito.
[2025-11-28T11:04:17.593Z] [INFO] [APP_QUIT] Aplicación terminada (window-all-closed).
[2025-11-28T11:04:35.092Z] [INFO] [APP_START] Aplicación iniciada. Flujo de logs asegurado.
[2025-11-28T11:04:35.093Z] [INFO] [CONFIG_LOADED] Configuración cargada. Tiempo de inactividad: 3000ms
[2025-11-28T11:04:35.112Z] [INFO] [INIT] No se encontró última configuración. Abriendo selector.
[2025-11-28T11:04:36.263Z] [INFO] [SELECTOR_CLOSED] Selector cerrado. Saliendo de la aplicación.
